mysql> use saveetha;
Database changed
mysql> select*from mentee;
+-----------+----------+-------+-----------+------------+
| regno     | name     | dept  | address   | fathername |
+-----------+----------+-------+-----------+------------+
| 192224036 | abhijith | ai&ds | nellore   | venkatesh  |
| 192224060 | akhil    | ai&ds | guntur    | prasad     |
| 192224050 | vamsi    | cse   | chittor   | ram        |
| 191123481 | dinesh   | cse   | kovur     | dev        |
| 192224037 | mithil   | ai&ds | tirupathi | deepak     |
+-----------+----------+-------+-----------+------------+
5 rows in set (0.00 sec)

mysql> update mentee set dept="bme" where regno=192224060;
Query OK, 1 row affected (0.01 sec)
Rows matched: 1  Changed: 1  Warnings: 0

mysql> select*fro mentee;
ERROR 1064 (42000): You have an error in your SQL syntax; check the manual that corresponds to your MySQL server version for the right syntax to use near 'fro mentee' at line 1
mysql> select*from mentee;
+-----------+----------+-------+-----------+------------+
| regno     | name     | dept  | address   | fathername |
+-----------+----------+-------+-----------+------------+
| 192224036 | abhijith | ai&ds | nellore   | venkatesh  |
| 192224060 | akhil    | bme   | guntur    | prasad     |
| 192224050 | vamsi    | cse   | chittor   | ram        |
| 191123481 | dinesh   | cse   | kovur     | dev        |
| 192224037 | mithil   | ai&ds | tirupathi | deepak     |
+-----------+----------+-------+-----------+------------+
5 rows in set (0.00 sec)

mysql> update mentee set address="banglore"where dept="ai&ds";
Query OK, 2 rows affected (0.00 sec)
Rows matched: 2  Changed: 2  Warnings: 0

mysql> select*from mentee;
+-----------+----------+-------+----------+------------+
| regno     | name     | dept  | address  | fathername |
+-----------+----------+-------+----------+------------+
| 192224036 | abhijith | ai&ds | banglore | venkatesh  |
| 192224060 | akhil    | bme   | guntur   | prasad     |
| 192224050 | vamsi    | cse   | chittor  | ram        |
| 191123481 | dinesh   | cse   | kovur    | dev        |
| 192224037 | mithil   | ai&ds | banglore | deepak     |
+-----------+----------+-------+----------+------------+
5 rows in set (0.00 sec)

mysql> delete from mentee where fathername="dev";
Query OK, 1 row affected (0.02 sec)

mysql> select*from mentee;
+-----------+----------+-------+----------+------------+
| regno     | name     | dept  | address  | fathername |
+-----------+----------+-------+----------+------------+
| 192224036 | abhijith | ai&ds | banglore | venkatesh  |
| 192224060 | akhil    | bme   | guntur   | prasad     |
| 192224050 | vamsi    | cse   | chittor  | ram        |
| 192224037 | mithil   | ai&ds | banglore | deepak     |
+-----------+----------+-------+----------+------------+
4 rows in set (0.00 sec)

mysql>






































mysql> use saveetha;
Database changed
mysql> select*from mentee;
+-----------+----------+-------+-----------+------------+
| regno     | name     | dept  | address   | fathername |
+-----------+----------+-------+-----------+------------+
| 192224036 | abhijith | ai&ds | nellore   | venkatesh  |
| 192224060 | akhil    | ai&ds | guntur    | prasad     |
| 192224050 | vamsi    | cse   | chittor   | ram        |
| 191123481 | dinesh   | cse   | kovur     | dev        |
| 192224037 | mithil   | ai&ds | tirupathi | deepak     |
+-----------+----------+-------+-----------+------------+
5 rows in set (0.00 sec)

mysql> update mentee set dept="bme" where regno=192224060;
Query OK, 1 row affected (0.01 sec)
Rows matched: 1  Changed: 1  Warnings: 0 

mysql> select*from mentee;
+-----------+----------+-------+-----------+------------+
| regno     | name     | dept  | address   | fathername |
+-----------+----------+-------+-----------+------------+
| 192224036 | abhijith | ai&ds | nellore   | venkatesh  |
| 192224060 | akhil    | bme   | guntur    | prasad     |
| 192224050 | vamsi    | cse   | chittor   | ram        |
| 191123481 | dinesh   | cse   | kovur     | dev        |
| 192224037 | mithil   | ai&ds | tirupathi | deepak     |
+-----------+----------+-------+-----------+------------+
5 rows in set (0.00 sec)

mysql> update mentee set address="banglore"where dept="ai&ds";
Query OK, 2 rows affected (0.00 sec)
Rows matched: 2  Changed: 2  Warnings: 0

mysql> select*from mentee;
+-----------+----------+-------+----------+------------+
| regno     | name     | dept  | address  | fathername |
+-----------+----------+-------+----------+------------+
| 192224036 | abhijith | ai&ds | banglore | venkatesh  |
| 192224060 | akhil    | bme   | guntur   | prasad     |
| 192224050 | vamsi    | cse   | chittor  | ram        |
| 191123481 | dinesh   | cse   | kovur    | dev        |
| 192224037 | mithil   | ai&ds | banglore | deepak     |
+-----------+----------+-------+----------+------------+
5 rows in set (0.00 sec)

mysql> delete from mentee where fathername="dev";
Query OK, 1 row affected (0.02 sec)

mysql> select*from mentee;
+-----------+----------+-------+----------+------------+
| regno     | name     | dept  | address  | fathername |
+-----------+----------+-------+----------+------------+
| 192224036 | abhijith | ai&ds | banglore | venkatesh  |
| 192224060 | akhil    | bme   | guntur   | prasad     |
| 192224050 | vamsi    | cse   | chittor  | ram        |
| 192224037 | mithil   | ai&ds | banglore | deepak     |
+-----------+----------+-------+----------+------------+
4 rows in set (0.00 sec)

mysql>






































