  mysql> create database hostel;
Query OK, 1 row affected (0.02 sec)

mysql> use hostel;
Database changed
mysql> create table floor(studname varchar(10),studno int(10),studaddress varchar(15));
Query OK, 0 rows affected, 1 warning (0.02 sec)

mysql> desc floor;
+-------------+-------------+------+-----+---------+-------+
| Field       | Type        | Null | Key | Default | Extra |
+-------------+-------------+------+-----+---------+-------+
| studname    | varchar(10) | YES  |     | NULL    |       |
| studno      | int         | YES  |     | NULL    |       |
| studaddress | varchar(15) | YES  |     | NULL    |       |
+-------------+-------------+------+-----+---------+-------+
3 rows in set (0.01 sec)

mysql> insert into floor values("abhi",9772867912,"nellore");
ERROR 1264 (22003): Out of range value for column 'studno' at row 1
mysql> insert into floor values("abhi",92,"nellore");
Query OK, 1 row affected (0.00 sec)

mysql> insert into floor values("akhil",25,"guntur");
Query OK, 1 row affected (0.00 sec)

mysql> insert into floor values("vihith",30,"chittor");
Query OK, 1 row affected (0.00 sec)

mysql> show tables;
+------------------+
| Tables_in_hostel |
+------------------+
| floor            |
+------------------+
1 row in set (0.00 sec)

mysql> select*from floor;
+----------+--------+-------------+
| studname | studno | studaddress |
+----------+--------+-------------+
| abhi     |     92 | nellore     |
| akhil    |     25 | guntur      |
| vihith   |     30 | chittor     |
+----------+--------+-------------+
3 rows in set (0.00 sec)

mysql> alter table floor add age int(2);
Query OK, 0 rows affected, 1 warning (0.00 sec)
Records: 0  Duplicates: 0  Warnings: 1

mysql> desc floor;
+-------------+-------------+------+-----+---------+-------+
| Field       | Type        | Null | Key | Default | Extra |
+-------------+-------------+------+-----+---------+-------+
| studname    | varchar(10) | YES  |     | NULL    |       |
| studno      | int         | YES  |     | NULL    |       |
| studaddress | varchar(15) | YES  |     | NULL    |       |
| age         | int         | YES  |     | NULL    |       |
+-------------+-------------+------+-----+---------+-------+
4 rows in set (0.00 sec)

mysql> drop table floor;
Query OK, 0 rows affected (0.01 sec)

mysql>


















































































































































































































































































































































